\BOOKMARK [1][-]{section.1}{\376\377\000\332\000v\000o\000d}{}% 1
\BOOKMARK [2][-]{subsection.1.1}{\376\377\000C\000\355\000l\000o\000v\000\341\000\040\000s\000k\000u\000p\000i\000n\000a}{section.1}% 2
\BOOKMARK [2][-]{subsection.1.2}{\376\377\000T\000e\000r\000m\000i\000n\000o\000l\000o\000g\000i\000e}{section.1}% 3
\BOOKMARK [3][-]{subsubsection.1.2.1}{\376\377\000V\000e\000r\001\141}{subsection.1.2}% 4
\BOOKMARK [3][-]{subsubsection.1.2.2}{\376\377\000I\000n\000t\000e\000r\000v\000a\000l\000o\000v\000\351\000\040\000o\000p\000a\000k\000o\000v\000\341\000n\000\355}{subsection.1.2}% 5
\BOOKMARK [1][-]{section.2}{\376\377\000T\000e\000c\000h\000n\000o\000l\000o\000g\000i\000e}{}% 6
\BOOKMARK [2][-]{subsection.2.1}{\376\377\000F\000l\000u\000t\000t\000e\000r}{section.2}% 7
\BOOKMARK [2][-]{subsection.2.2}{\376\377\000N\000e\000s\000t\000J\000S}{section.2}% 8
\BOOKMARK [2][-]{subsection.2.3}{\376\377\000P\000o\000s\000t\000g\000r\000e\000S\000Q\000L}{section.2}% 9
\BOOKMARK [2][-]{subsection.2.4}{\376\377\000S\000Q\000L\000i\000t\000e}{section.2}% 10
\BOOKMARK [2][-]{subsection.2.5}{\376\377\000C\000l\000o\000u\000d\000f\000l\000a\000r\000e\000\040\000T\000u\000n\000n\000e\000l}{section.2}% 11
\BOOKMARK [1][-]{section.3}{\376\377\000A\000r\000c\000h\000i\000t\000e\000k\000t\000u\000r\000a}{}% 12
\BOOKMARK [2][-]{subsection.3.1}{\376\377\000M\000o\000b\000i\000l\000n\000\355\000\040\000a\000p\000l\000i\000k\000a\000c\000e}{section.3}% 13
\BOOKMARK [3][-]{subsubsection.3.1.1}{\376\377\000U\000k\000l\000\341\000d\000\341\000n\000\355\000\040\000d\000a\000t}{subsection.3.1}% 14
\BOOKMARK [3][-]{subsubsection.3.1.2}{\376\377\000A\000l\000g\000o\000r\000i\000t\000m\000y}{subsection.3.1}% 15
\BOOKMARK [2][-]{subsection.3.2}{\376\377\000S\000e\000r\000v\000e\000r}{section.3}% 16
\BOOKMARK [3][-]{subsubsection.3.2.1}{\376\377\000C\000l\000o\000u\000d\000f\000l\000a\000r\000e\000\040\000T\000u\000n\000n\000e\000l}{subsection.3.2}% 17
\BOOKMARK [3][-]{subsubsection.3.2.2}{\376\377\000S\000y\000n\000c\000h\000r\000o\000n\000i\000z\000a\000c\000e}{subsection.3.2}% 18
\BOOKMARK [1][-]{section.4}{\376\377\000A\000P\000I\000\040\000a\000\040\000k\000o\000m\000u\000n\000i\000k\000a\000c\000e\000\040\000k\000l\000i\000e\000n\000t\000-\000s\000e\000r\000v\000e\000r}{}% 19
\BOOKMARK [2][-]{subsection.4.1}{\376\377\000S\000y\000n\000c\000h\000r\000o\000n\000i\000z\000a\001\015\000n\000\355\000\040\000e\000n\000d\000p\000o\000i\000n\000t\000y\000\040\000\050\000S\000y\000n\000c\000C\000o\000n\000t\000r\000o\000l\000l\000e\000r\000\051}{section.4}% 20
\BOOKMARK [2][-]{subsection.4.2}{\376\377\000U\001\176\000i\000v\000a\000t\000e\000l\000s\000k\000\351\000\040\000e\000n\000d\000p\000o\000i\000n\000t\000y\000\040\000\050\000U\000s\000e\000r\000C\000o\000n\000t\000r\000o\000l\000l\000e\000r\000\051}{section.4}% 21
\BOOKMARK [2][-]{subsection.4.3}{\376\377\000S\000y\000s\000t\000\351\000m\000o\000v\000\351\000\040\000e\000n\000d\000p\000o\000i\000n\000t\000y\000\040\000\050\000A\000p\000p\000C\000o\000n\000t\000r\000o\000l\000l\000e\000r\000\051}{section.4}% 22
\BOOKMARK [1][-]{subsection.4.3}{\376\377\000L\000i\000t\000e\000r\000a\000t\000u\000r\000a}{}% 23
